node : file:///C:/Users/Admin
istrator/OnlyAPI/testpdfquest
ions/test_parser.mjs:1
At line:1 char:1
+ node test_parser.mjs > 
test_output.txt 2>&1
+ ~~~~~~~~~~~~~~~~~~~~~~~~~~~
~~~~~~~~~~~~~~~~
    + CategoryInfo           
   : NotSpecified: (file://  
  /C:/User...st_parser.mjs   
 :1:String) [], RemoteExc    
eption
    + FullyQualifiedErrorId  
   : NativeCommandError
 
import { runAddLibrary } 
from './lib/mock-api.mjs';
         ^^^^^^^^^^^^^
SyntaxError: The requested 
module './lib/mock-api.mjs' 
does not provide an export 
named 'runAddLibrary'
    at 
ModuleJob._instantiate (node:
internal/modules/esm/module_j
ob:226:21)
    at async ModuleJob.run (n
ode:internal/modules/esm/modu
le_job:335:5)
    at async onImport.tracePr
omise.__proto__ (node:interna
l/modules/esm/loader:665:26)
    at async asyncRunEntryPoi
ntWithESMLoader (node:interna
l/modules/run_main:117:5)

Node.js v22.22.0
